› Planning build
› Executing react-native Pods/hermes-engine » [CP-User] [Hermes] Replace Hermes for the right configuration, if needed
› Executing react-native Pods/ReactNativeDependencies » [CP-User] [RNDeps] Replace React Native Dependencies for the right configuration, if needed
› Executing react-native Pods/React-Core-prebuilt » [CP-User] [RNCore] Replace React Native Core for the right configuration, if needed
› Executing react-native Pods/React-RCTFBReactNativeSpec » [CP-User] [RN]Check FBReactNativeSpec
› Executing react-native-maps Pods/react-native-maps » [CP-User] react-native-maps patches
› Compiling react-native-maps Pods/react-native-maps » PlaceHolderGoogleMapView.mm
› Compiling react-native-maps Pods/react-native-maps » PlaceHolderPolygonView.mm
› Packaging react-native-maps Pods/react-native-maps » libreact-native-maps.a
› Executing expo-modules-jsi Pods/ExpoModulesJSI » [CP-User] Build ExpoModulesJSI xcframework
› Executing expo-modules-core Pods/ExpoModulesCore » [CP-User] [Expo] Switch ExpoModulesCore XCFramework for build configuration
› Executing expo-font Pods/ExpoFont » [CP-User] [Expo] Switch ExpoFont XCFramework for build configuration
› Executing expo-location Pods/ExpoLocation » [CP-User] [Expo] Switch ExpoLocation XCFramework for build configuration
› Executing expo-modules-core Pods/ExpoModulesWorklets » [CP-User] [Expo] Switch ExpoModulesWorklets XCFramework for build configuration
› Executing expo-file-system Pods/ExpoFileSystem » [CP-User] [Expo] Switch ExpoFileSystem XCFramework for build configuration
› Executing expo-constants Pods/EXConstants » [CP-User] Generate app.config for prebuilt Constants.manifest
⚠️  Script has ambiguous dependencies causing it to run on every build.
   To fix, go to: Xcode » GlobalWeather/GlobalWeather » Build Phases » '[Expo Dev Launcher] Strip Local Network Keys for Release'
   Either: Uncheck "Based on dependency analysis", or select output files to trigger the script

› Executing GlobalWeather » [Expo] Configure project
› Linking   GlobalWeather » GlobalWeather.debug.dylib
› Generating debug GlobalWeather » GlobalWeather.app.dSYM
⚠️  No such file or directory: /Users/anupamkhosla/Library/Developer/Xcode/DerivedData/ModuleCache.noindex/1FY9SNLN5DPY0/ExpoBlur-3IBTBQK9IORUG.pcm
⚠️  No such file or directory: /Users/anupamkhosla/Library/Developer/Xcode/DerivedData/ModuleCache.noindex/1FY9SNLN5DPY0/ExpoGlassEffect-1ZS58ZVFAC08E.pcm
⚠️  No such file or directory: /Users/anupamkhosla/Library/Developer/Xcode/DerivedData/ModuleCache.noindex/1FY9SNLN5DPY0/ExpoSymbols-3KQVSLBPZHFK5.pcm
⚠️  No such file or directory: /Users/anupamkhosla/Library/Developer/Xcode/DerivedData/ModuleCache.noindex/1FY9SNLN5DPY0/WidgetKit-2B1O9V5ZXGWT9.pcm
⚠️  No such file or directory: /Users/anupamkhosla/Library/Developer/Xcode/DerivedData/ModuleCache.noindex/1FY9SNLN5DPY0/ExpoUI-10080QMWCPIQI.pcm
⚠️  No such file or directory: /Users/anupamkhosla/Library/Developer/Xcode/DerivedData/ModuleCache.noindex/1FY9SNLN5DPY0/ExpoModulesWorklets-NQ5MDHZC24ZU.pcm
⚠️  No such file or directory: /Users/anupamkhosla/Library/Developer/Xcode/DerivedData/ModuleCache.noindex/1FY9SNLN5DPY0/EXDevMenuInterface-2HLNAYZK711NJ.pcm
› Linking   GlobalWeather » GlobalWeather
› Generating debug GlobalWeather » GlobalWeather.app.dSYM
› Executing GlobalWeather » Bundle React Native code and images
› Executing GlobalWeather » [CP] Copy Pods Resources
› Executing GlobalWeather » [Expo Dev Launcher] Strip Local Network Keys for Release
› Signing   GlobalWeather » GlobalWeather.debug.dylib
› Signing   GlobalWeather » __preview.dylib
› Signing   GlobalWeather » GlobalWeather.app
› Build Succeeded

› 0 error(s), and 8 warning(s)

Starting Metro Bundler

[baseline-browser-mapping] The data in this module is over two months old.  To ensure accurate Baseline data, please update: `npm i baseline-browser-mapping@latest -D`
Waiting on http://localhost:8081
› Installing /Users/anupamkhosla/Library/Developer/Xcode/DerivedData/GlobalWeather-eyxjohwdldxdvkfqqwgnppbryawr/Build/Products/Debug-iphonesimulator/GlobalWeather.app
› Installing on iPhone 17
› Opening on iPhone 17 (com.global.weather)
› Opening exp+global-weather://expo-development-client/?url=http%3A%2F%2F192.168.1.67%3A8081 on iPhone 17

› Logs for your project will appear below.
[libapp_launch_measurement.dylib] Failed to send CA Event for app launch
measurements for ca_event_type: 0 event_name:
com.apple.app_launch_measurement.FirstFramePresentationMetric
[libapp_launch_measurement.dylib] Failed to send CA Event for app launch
measurements for ca_event_type: 1 event_name:
com.apple.app_launch_measurement.ExtendedLaunchMetrics
| [baseline-browser-mapping] The data in this module is over two months old.  To ensure accurate Baseline data, please update: `npm i baseline-browser-mapping@latest -D`
iOS Bundled 865ms node_modules/expo-router/entry.js (1330 modules)
[React] [Error: Cannot find native module 'EdgeToEdgeModule']
[React] [Error: Cannot find native module 'EdgeToEdgeModule']
 WARN  Route "./_layout.tsx" is missing the required default export. Ensure a React component is exported as default.
 ERROR  [Error: Cannot find native module 'EdgeToEdgeModule'] 

Code: index.ts
[0m [90m 1 |[39m [36mimport[39m { requireNativeModule } [36mfrom[39m [32m'expo-modules-core'[39m[33m;[39m
 [90m 2 |[39m
[31m[1m>[22m[39m[90m 3 |[39m [36mconst[39m [33mNativeModule[39m [33m=[39m requireNativeModule([32m'EdgeToEdgeModule'[39m)[33m;[39m
 [90m   |[39m                                         [31m[1m^[22m[39m
 [90m 4 |[39m
 [90m 5 |[39m [36mexport[39m [36mfunction[39m enableEdgeToEdge()[33m:[39m [36mvoid[39m {
 [90m 6 |[39m   [33mNativeModule[39m[33m.[39menable()[33m;[39m[0m
Call Stack
  <global> (modules/edge-to-edge/src/index.ts:3:41)
  <global> (app/_layout.tsx:3)
[React] [Error: Cannot find native module 'EdgeToEdgeModule']
 ERROR  [Error: Cannot find native module 'EdgeToEdgeModule'] 

Code: index.ts
[0m [90m 1 |[39m [36mimport[39m { requireNativeModule } [36mfrom[39m [32m'expo-modules-core'[39m[33m;[39m
 [90m 2 |[39m
[31m[1m>[22m[39m[90m 3 |[39m [36mconst[39m [33mNativeModule[39m [33m=[39m requireNativeModule([32m'EdgeToEdgeModule'[39m)[33m;[39m
 [90m   |[39m                                         [31m[1m^[22m[39m
 [90m 4 |[39m
 [90m 5 |[39m [36mexport[39m [36mfunction[39m enableEdgeToEdge()[33m:[39m [36mvoid[39m {
 [90m 6 |[39m   [33mNativeModule[39m[33m.[39menable()[33m;[39m[0m
Call Stack
  <global> (modules/edge-to-edge/src/index.ts:3:41)
  <global> (app/_layout.tsx:3)
 ERROR  [Error: Cannot find native module 'EdgeToEdgeModule'] 

Code: index.ts
[0m [90m 1 |[39m [36mimport[39m { requireNativeModule } [36mfrom[39m [32m'expo-modules-core'[39m[33m;[39m
 [90m 2 |[39m
[31m[1m>[22m[39m[90m 3 |[39m [36mconst[39m [33mNativeModule[39m [33m=[39m requireNativeModule([32m'EdgeToEdgeModule'[39m)[33m;[39m
 [90m   |[39m                                         [31m[1m^[22m[39m
 [90m 4 |[39m
 [90m 5 |[39m [36mexport[39m [36mfunction[39m enableEdgeToEdge()[33m:[39m [36mvoid[39m {
 [90m 6 |[39m   [33mNativeModule[39m[33m.[39menable()[33m;[39m[0m
Call Stack
  <global> (modules/edge-to-edge/src/index.ts:3:41)
  <global> (app/_layout.tsx:3)
 WARN  Route "./_layout.tsx" is missing the required default export. Ensure a React component is exported as default.
[React] [Error: Cannot find native module 'EdgeToEdgeModule']
[React] [Error: Cannot find native module 'EdgeToEdgeModule']
[React] [Error: Cannot find native module 'EdgeToEdgeModule']
 ERROR  [Error: Cannot find native module 'EdgeToEdgeModule'] 

Code: index.ts
[0m [90m 1 |[39m [36mimport[39m { requireNativeModule } [36mfrom[39m [32m'expo-modules-core'[39m[33m;[39m
 [90m 2 |[39m
[31m[1m>[22m[39m[90m 3 |[39m [36mconst[39m [33mNativeModule[39m [33m=[39m requireNativeModule([32m'EdgeToEdgeModule'[39m)[33m;[39m
 [90m   |[39m                                         [31m[1m^[22m[39m
 [90m 4 |[39m
 [90m 5 |[39m [36mexport[39m [36mfunction[39m enableEdgeToEdge()[33m:[39m [36mvoid[39m {
 [90m 6 |[39m   [33mNativeModule[39m[33m.[39menable()[33m;[39m[0m
Call Stack
  <global> (modules/edge-to-edge/src/index.ts:3:41)
  <global> (app/_layout.tsx:3)
[React] { [TypeError: Cannot read property 'ErrorBoundary' of undefined]
componentStack: '\n    at ContextNavigator
(http://192.168.1.67:8081/node_modules/expo-router/entry.bundle//&platform=ios&dev=true&hot=false&lazy=true&transform.engine=hermes&transform.bytecode=1&transform.routerRoot=app&unstable_transformProfile=hermes-stable:135815:3)\n
at ExpoRoot
(http://192.168.1.67:8081/node_modules/expo-router/entry.bundle//&platform=ios&dev=true&hot=false&lazy=true&transform.engine=hermes&transform.bytecode=1&transform.routerRoot=app&unstable_transformProfile=hermes-stable:135779:3)\n
at App (<anonymous>)\n    at withDevTools(App)
(http://192.168.1.67:8081/node_modules/expo-router/entry.bundle//&platform=ios&dev=true&hot=false&lazy=true&transform.engine=hermes&transform.bytecode=1&transform.routerRoot=app&unstable_transformProfile=hermes-stable:92425:27)\n
at RCTView (<anonymous>)\n    at View
(http://192.168.1.67:8081/node_modules/expo-router/entry.bundle//&platform=ios&dev=true&hot=false&lazy=true&t<…>
 ERROR  [Error: Cannot find native module 'EdgeToEdgeModule'] 

Code: index.ts
[0m [90m 1 |[39m [36mimport[39m { requireNativeModule } [36mfrom[39m [32m'expo-modules-core'[39m[33m;[39m
 [90m 2 |[39m
[31m[1m>[22m[39m[90m 3 |[39m [36mconst[39m [33mNativeModule[39m [33m=[39m requireNativeModule([32m'EdgeToEdgeModule'[39m)[33m;[39m
 [90m   |[39m                                         [31m[1m^[22m[39m
 [90m 4 |[39m
 [90m 5 |[39m [36mexport[39m [36mfunction[39m enableEdgeToEdge()[33m:[39m [36mvoid[39m {
 [90m 6 |[39m   [33mNativeModule[39m[33m.[39menable()[33m;[39m[0m
Call Stack
  <global> (modules/edge-to-edge/src/index.ts:3:41)
  <global> (app/_layout.tsx:3)
 ERROR  [TypeError: Cannot read property 'ErrorBoundary' of undefined] 

Code: useScreens.js
[0m [90m 139 |[39m     })[33m,[39m [sorted[33m,[39m protectedScreens])[33m;[39m
 [90m 140 |[39m }
[31m[1m>[22m[39m[90m 141 |[39m [36mfunction[39m fromImport(value[33m,[39m { [33mErrorBoundary[39m[33m,[39m [33mSuspenseFallback[39m[33m,[39m [33m...[39mcomponent }) {
 [90m     |[39m [31m[1m^[22m[39m
 [90m 142 |[39m     [90m// If possible, add a more helpful display name for the component stack to improve debugging of React errors such as `Text strings must be rendered within a <Text> component.`.[39m
 [90m 143 |[39m     [36mif[39m (component[33m?[39m[33m.[39m[36mdefault[39m [33m&&[39m __DEV__) {
 [90m 144 |[39m         component[33m.[39m[36mdefault[39m[33m.[39mdisplayName [33m?[39m[33m?[39m[33m=[39m [32m`${component.default.name ?? 'Route'}(${value.contextKey})`[39m[33m;[39m[0m
Call Stack
  fromImport (node_modules/expo-router/build/useScreens.js:141)
  getQualifiedRouteComponent (node_modules/expo-router/build/useScreens.js:206:34)
  useStore (node_modules/expo-router/build/global-state/useStore.js:55:68)
  ContextNavigator (node_modules/expo-router/build/ExpoRoot.js:122:46)
  callComponent.react_stack_bottom_frame (node_modules/react-native/Libraries/Renderer/implementations/ReactFabric-dev.js:17130:29)
  renderWithHooks (node_modules/react-native/Libraries/Renderer/implementations/ReactFabric-dev.js:5648:40)
  updateFunctionComponent (node_modules/react-native/Libraries/Renderer/implementations/ReactFabric-dev.js:8081:34)
  beginWork (node_modules/react-native/Libraries/Renderer/implementations/ReactFabric-dev.js:9340:41)
  run (<native>)
  runWithFiberInDEV (node_modules/react-native/Libraries/Renderer/implementations/ReactFabric-dev.js:697:33)
  performUnitOfWork (node_modules/react-native/Libraries/Renderer/implementations/ReactFabric-dev.js:14134:39)
  workLoopSync (node_modules/react-native/Libraries/Renderer/implementations/ReactFabric-dev.js:13966:58)
  renderRootSync (node_modules/react-native/Libraries/Renderer/implementations/ReactFabric-dev.js:13947:23)
  performWorkOnRoot (node_modules/react-native/Libraries/Renderer/implementations/ReactFabric-dev.js:13160:43)
  performWorkOnRootViaSchedulerTask (node_modules/react-native/Libraries/Renderer/implementations/ReactFabric-dev.js:3673:24) 

Code: ExpoRoot.js
[0m [90m 83 |[39m                     initialMetrics[33m:[39m [33mINITIAL_METRICS[39m[33m,[39m children[33m:[39m children }) }) }))[33m;[39m
 [90m 84 |[39m     }[33m,[39m [[33mParentWrapper[39m])[33m;[39m
[31m[1m>[22m[39m[90m 85 |[39m     [36mreturn[39m ([35m0[39m[33m,[39m jsx_runtime_1[33m.[39mjsx)([33mContextNavigator[39m[33m,[39m { [33m...[39mprops[33m,[39m wrapper[33m:[39m wrapper })[33m;[39m
 [90m    |[39m                                 [31m[1m^[22m[39m
 [90m 86 |[39m }
 [90m 87 |[39m [36mconst[39m initialUrl [33m=[39m react_native_1[33m.[39m[33mPlatform[39m[33m.[39m[33mOS[39m [33m===[39m [32m'web'[39m [33m&&[39m [36mtypeof[39m window [33m!==[39m [32m'undefined'[39m
 [90m 88 |[39m     [33m?[39m [36mnew[39m [33mURL[39m(window[33m.[39mlocation[33m.[39mhref)[0m
Call Stack
  ExpoRoot (node_modules/expo-router/build/ExpoRoot.js:85:33)
  App (node_modules/expo-router/build/qualified-entry.js:20:91)
  WithDevTools (node_modules/expo/src/launch/withDevTools.ios.tsx:38:12)
 ERROR  [Error: Cannot find native module 'EdgeToEdgeModule'] 

Code: index.ts
[0m [90m 1 |[39m [36mimport[39m { requireNativeModule } [36mfrom[39m [32m'expo-modules-core'[39m[33m;[39m
 [90m 2 |[39m
[31m[1m>[22m[39m[90m 3 |[39m [36mconst[39m [33mNativeModule[39m [33m=[39m requireNativeModule([32m'EdgeToEdgeModule'[39m)[33m;[39m
 [90m   |[39m                                         [31m[1m^[22m[39m
 [90m 4 |[39m
 [90m 5 |[39m [36mexport[39m [36mfunction[39m enableEdgeToEdge()[33m:[39m [36mvoid[39m {
 [90m 6 |[39m   [33mNativeModule[39m[33m.[39menable()[33m;[39m[0m
Call Stack
  <global> (modules/edge-to-edge/src/index.ts:3:41)
  <global> (app/_layout.tsx:3)
[UIKitCore] RCTScrollViewComponentView implements focusItemsInRect: - caching
for linear focus movement is limited as long as this view is on screen.
[UIKitCore] RCTScrollViewComponentView implements focusItemsInRect: - caching
for linear focus movement is limited as long as this view is on screen.
