› Planning build
› Executing react-native Pods/hermes-engine » [CP-User] [Hermes] Replace Hermes for the right configuration, if needed
› Executing react-native Pods/ReactNativeDependencies » [CP-User] [RNDeps] Replace React Native Dependencies for the right configuration, if needed
› Executing react-native Pods/React-Core-prebuilt » [CP-User] [RNCore] Replace React Native Core for the right configuration, if needed
› Preparing Pods/React-Core-React-Core_privacy » ResourceBundle-React-Core_privacy-React-Core-Info.plist
› Preparing Pods/React-cxxreact-React-cxxreact_privacy » ResourceBundle-React-cxxreact_privacy-React-cxxreact-Info.plist
› Preparing Pods/React-timing-React-timing_privacy » ResourceBundle-React-timing_privacy-React-timing-Info.plist
› Executing expo-modules-jsi Pods/ExpoModulesJSI » [CP-User] Build ExpoModulesJSI xcframework
› Executing react-native Pods/React-RCTFBReactNativeSpec » [CP-User] [RN]Check FBReactNativeSpec
› Executing expo-modules-core Pods/ExpoModulesCore » [CP-User] [Expo] Switch ExpoModulesCore XCFramework for build configuration
› Executing expo-modules-core Pods/ExpoModulesCore » [CP] Copy XCFrameworks
› Packaging edge-to-edge Pods/EdgeToEdge » libEdgeToEdge.a
› Executing react-native-maps Pods/react-native-maps » [CP-User] react-native-maps patches
› Executing expo-modules-core Pods/ExpoModulesWorklets » [CP-User] [Expo] Switch ExpoModulesWorklets XCFramework for build configuration
› Executing expo-location Pods/ExpoLocation » [CP-User] [Expo] Switch ExpoLocation XCFramework for build configuration
› Executing expo-font Pods/ExpoFont » [CP-User] [Expo] Switch ExpoFont XCFramework for build configuration
› Preparing Pods/ExpoFileSystem-ExpoFileSystem_privacy » ResourceBundle-ExpoFileSystem_privacy-ExpoFileSystem-Info.plist
› Preparing expo-constants Pods/EXConstants-EXConstants » ResourceBundle-EXConstants-EXConstants-Info.plist
› Preparing Pods/expo-dev-menu-EXDevMenu » ResourceBundle-EXDevMenu-expo-dev-menu-Info.plist
› Executing expo-file-system Pods/ExpoFileSystem » [CP-User] [Expo] Switch ExpoFileSystem XCFramework for build configuration
› Preparing Pods/EXConstants-ExpoConstants_privacy » ResourceBundle-ExpoConstants_privacy-EXConstants-Info.plist
› Executing expo-constants Pods/EXConstants » [CP-User] Generate app.config for prebuilt Constants.manifest
› Compiling react-native-maps Pods/react-native-maps » PlaceHolderPolygonView.mm
› Compiling react-native-maps Pods/react-native-maps » PlaceHolderGoogleMapView.mm
› Preparing Pods/expo-dev-launcher-EXDevLauncher » ResourceBundle-EXDevLauncher-expo-dev-launcher-Info.plist
› Executing expo-modules-core Pods/ExpoModulesWorklets » [CP] Copy XCFrameworks
› Executing expo-location Pods/ExpoLocation » [CP] Copy XCFrameworks
› Executing expo-font Pods/ExpoFont » [CP] Copy XCFrameworks
› Executing expo-file-system Pods/ExpoFileSystem » [CP] Copy XCFrameworks
› Packaging react-native-maps Pods/react-native-maps » libreact-native-maps.a
⚠️  Script has ambiguous dependencies causing it to run on every build.
   To fix, go to: Xcode » GlobalWeather/GlobalWeather » Build Phases » '[Expo Dev Launcher] Strip Local Network Keys for Release'
   Either: Uncheck "Based on dependency analysis", or select output files to trigger the script

› Executing GlobalWeather » [Expo] Configure project
› Preparing GlobalWeather » Info.plist
› Linking   GlobalWeather » GlobalWeather.debug.dylib
› Generating debug GlobalWeather » GlobalWeather.app.dSYM
⚠️  No such file or directory: /Users/anupamkhosla/Library/Developer/Xcode/DerivedData/ModuleCache.noindex/1FY9SNLN5DPY0/ExpoBlur-3IBTBQK9IORUG.pcm
⚠️  No such file or directory: /Users/anupamkhosla/Library/Developer/Xcode/DerivedData/ModuleCache.noindex/1FY9SNLN5DPY0/ExpoGlassEffect-1ZS58ZVFAC08E.pcm
⚠️  No such file or directory: /Users/anupamkhosla/Library/Developer/Xcode/DerivedData/ModuleCache.noindex/1FY9SNLN5DPY0/ExpoSymbols-3KQVSLBPZHFK5.pcm
⚠️  No such file or directory: /Users/anupamkhosla/Library/Developer/Xcode/DerivedData/ModuleCache.noindex/1FY9SNLN5DPY0/WidgetKit-2B1O9V5ZXGWT9.pcm
⚠️  No such file or directory: /Users/anupamkhosla/Library/Developer/Xcode/DerivedData/ModuleCache.noindex/1FY9SNLN5DPY0/ExpoUI-10080QMWCPIQI.pcm
⚠️  No such file or directory: /Users/anupamkhosla/Library/Developer/Xcode/DerivedData/ModuleCache.noindex/1FY9SNLN5DPY0/ExpoModulesWorklets-NQ5MDHZC24ZU.pcm
⚠️  No such file or directory: /Users/anupamkhosla/Library/Developer/Xcode/DerivedData/ModuleCache.noindex/1FY9SNLN5DPY0/EXDevMenuInterface-2HLNAYZK711NJ.pcm
› Linking   GlobalWeather » GlobalWeather
› Generating debug GlobalWeather » GlobalWeather.app.dSYM
› Executing GlobalWeather » Bundle React Native code and images
› Executing GlobalWeather » [CP] Copy Pods Resources
› Executing GlobalWeather » [Expo Dev Launcher] Strip Local Network Keys for Release
› Signing   GlobalWeather » GlobalWeather.debug.dylib
› Signing   GlobalWeather » __preview.dylib
› Signing   GlobalWeather » GlobalWeather.app
› Build Succeeded

› 0 error(s), and 8 warning(s)

Starting Metro Bundler

[baseline-browser-mapping] The data in this module is over two months old.  To ensure accurate Baseline data, please update: `npm i baseline-browser-mapping@latest -D`
Waiting on http://localhost:8081
› Installing /Users/anupamkhosla/Library/Developer/Xcode/DerivedData/GlobalWeather-eyxjohwdldxdvkfqqwgnppbryawr/Build/Products/Debug-iphonesimulator/GlobalWeather.app
› Installing on iPhone 17
› Opening on iPhone 17 (com.global.weather)
› Opening exp+global-weather://expo-development-client/?url=http%3A%2F%2F192.168.1.67%3A8081 on iPhone 17

› Logs for your project will appear below.
iOS Bundled 543ms node_modules/expo-router/entry.js (1134 modules)
| [baseline-browser-mapping] The data in this module is over two months old.  To ensure accurate Baseline data, please update: `npm i baseline-browser-mapping@latest -D`
iOS Bundled 43ms node_modules/expo-router/entry.js (1 module)
iOS Bundled 42ms node_modules/expo-router/entry.js (1 module)
iOS Bundled 45ms node_modules/expo-router/entry.js (1 module)
iOS Bundled 41ms node_modules/expo-router/entry.js (1 module)
iOS Bundled 40ms node_modules/expo-router/entry.js (1 module)
